// Jest Snapshot v1, https://goo.gl/fbAQLP

exports[`Header  Component should render error component 1`] = `
<div
  className="Header-root-1"
/>
`;
