// Jest Snapshot v1, https://goo.gl/fbAQLP

exports[`NotFound  Component should render error component 1`] = `
<div
  className="MuiGrid-container-1 MuiGrid-spacing-xs-24-25 MuiGrid-direction-xs-column-4 MuiGrid-align-items-xs-center-9 MuiGrid-justify-xs-center-18"
>
  <div
    className="MuiGrid-item-2 MuiGrid-grid-xs-12-41"
  >
    <h1>
      Page which you are looking for doensn't exist
    </h1>
  </div>
</div>
`;
